                        ; *****  TIL
                        ; Outer Interpreter
                        ; Author Kelly Loyd
                        ; Target System
                        ;   Z80 CP/M 64K RAM
                        ; ***

                        ; Non Standard Z80 MC
      = 0000            STD_CPM	EQU 0

                        ;---------- Put in CP/M Transient Memory space.
0100                    	ORG	100h

                        ;---------- START/RESTART
0100  11 8404           START	LD	DE,RSTMSG
0103  3A 7F02           	LD	A,(BASE)
0106  A7                	AND	A
0107  20 08             	JR	NZ, ABORT
0109  3E 0A             	LD	A,10
010B  32 7F02           	LD	(BASE),A
010E  11 9104           	LD	DE,SRTMSG
0111  31 0080           ABORT	LD	SP,STACK
0114  D5                	PUSH	DE
0115  21 0000           	LD	HL,0
0118  22 8002           	LD	(MODE),HL
011B  FD21 4901         	LD	IY,NEXT
011F  DD21 3A02         	LD	IX,RETURN
0123  21 8080           	LD	HL,8080h
0126  22 8004           	LD	(LBEND),HL
0129  01 2F01           	LD	BC,OUTER	; Effectively, Set OUTER as the next routine
012C  C3 4901           	JP	NEXT		; Call NEXT in the Inner Interpreter, which will load address of OUTER and Jump to it.

                        ; Entry point of OUTER interpreter.
012F  6301              OUTER	DW	TYPE
0131  7701              	DW	INLINE
0133  CF01              	DW	ASPACE
0135  DD01              	DW	TOKEN
0137  1D02              	DW	TILHALT
0139  0E02              	DW 	QSEARCH	; Leaves something on the stack if found or not found?
013B  1802              	DW	@IF

                        ; --------- Inner Interpreter
013D  3F01              SEMI	DW	$ + 2
013F  DD4E 00           	LD	C,(IX+0)
0142  DD23              	INC	IX
0144  DD46 00           	LD	B,(IX+0)
0147  DD23              	INC	IX
0149  0A                NEXT	LD	A,(BC)	; BC = Instruction Register
014A  6F                	LD	L,A	; @I -> WA (HL = word address)
014B  03                	INC	BC
014C  0A                	LD	A,(BC)
014D  67                	LD	H,A
014E  03                	INC	BC	; I = I + 2
014F  5E                RUN	LD	E,(HL)	; @WA -> CA (Code Address)
0150  23                	INC	HL	; WA = WA + 2
0151  56                	LD	D,(HL)
0152  23                	INC	HL
0153  EB                	EX	DE,HL	; CA -> PC
0154  E9                	JP	(HL)

0155  DD2B              COLON	DEC	IX
0157  DD70 00           	LD	(IX+0),B
015A  DD2B              	DEC	IX
015C  DD71 00           	LD	(IX+0),C
015F  4B                	LD	C,E
0160  42                	LD	B,D
0161  FDE9              	JP	(IY)
                        ;----------- End of Inner -----

                        ; TYPE - String with length byte (0a1234567890) printed to console.
0163  6501              TYPE	DW	$ + 2
0165  D1                TYPEIT	POP	DE	; get address of string
0166  E5                	PUSH	HL 	; save WA
0167  C5                	PUSH	BC	; Save IR.
0168  EB                	EX	DE,HL
0169  46                	LD	B,(HL)
016A  23                	INC	HL
016B  7E                ONECHAR	LD	A,(HL)
016C  CD 5202           	CALL	_ECHO
016F  23                	INC	HL
0170  10 F9             	DJNZ	ONECHAR
0172  C1                	POP	BC	; Restore IR
0173  E1                	POP	HL	; Restore WA
0174  C3 4901           	JP	NEXT




                        ; INLINE
0177  7901              INLINE	DW	$ + 2	;header address
0179  C5                	PUSH	BC	; Save IR
017A  CD 7202           ISTART	CALL	_CRLF	; Issue CR / LF on terminal for new input
017D  21 0004           	LD	HL, LBADD	; Buffer
0180  22 8102           	LD	(LBP), HL
0183  06 80             	LD	B, LENGTH
0185  36 20             CLEAR	LD	(HL), SPACE
0187  23                	INC	HL
0188  10 FB             	DJNZ	CLEAR
018A  2E 00             ZERO	LD	L,0
018C  CD 6002           INKEY	CALL	_KEY
018F  FE 18             	CP	LINEDEL		; CTRL-X is Line Delete
0191  20 05             	JR	NZ,TSTBS
0193  CD 5202           	CALL	_ECHO
0196  18 E2             	JR ISTART
0198  FE 08             TSTBS	CP	BKSP		; backspace CTRL-H
019A  20 0B             	JR	NZ, TSTCR
019C  2B                	DEC	HL
019D  FA 8A01           	JP	M,ZERO
01A0  36 20             	LD	(HL), SPACE
01A2  CD 5202           ISSUE	CALL	_ECHO
01A5  18 E5             	JR	INKEY
01A7  FE 0D             TSTCR	CP	CR
01A9  28 1C             	JR	Z,LAST1
01AB  CB7D              	BIT	7,L
01AD  20 0E             	JR	NZ,IEND
01AF  77                SAVEIT	LD	(HL),A
01B0  FE 61             	CP	61H	; Less than LC A ?
01B2  38 06             	JR	C,NOTLC
01B4  FE 7B             	CP	7BH	; MORE THAN LC Z?
01B6  30 02             	JR	NC,NOTLC
01B8  CBAE              	RES	5,(HL)
01BA  2C                NOTLC	INC	L
01BB  18 E5             	JR	ISSUE
01BD  2D                IEND	DEC	L
01BE  4F                	LD	C,A
01BF  3E 08             	LD	A,BKSP
01C1  CD 5202           	CALL	_ECHO
01C4  79                	LD	A,C
01C5  18 E8             	JR 	SAVEIT
01C7  3E 20             LAST1	LD	A, SPACE
01C9  CD 5202           	CALL	_ECHO
01CC  C1                	POP	BC
01CD  FDE9              	JP	(IY)	; Return to NEXT inner interpreter.

                        ; Push 20h to stack, will pop into BC in TOKEN, and BC will be 0020h
01CF  D101              ASPACE	DW	$ + 2
01D1  11 2000           	LD	DE, 20h
01D4  D5                	PUSH	DE
01D5  FDE9              	JP	(IY)	


01D7  05544F4B          	DB 5,'TOK'	; TOKEN ID
01DB  4C02              	DW	EXECUTE
01DD  DF01              TOKEN	DW	$ + 2
01DF  D9                	EXX 	; Save IR (EXX exchanges BC, DE, and HL with shadow registers with BC', DE', and HL'.)
01E0  2A 8102           	LD	HL,(LBP) ; pointer to token
01E3  ED5B 8204         	LD	DE,(DP) ; pointer to Dictionary
01E7  C1                	POP 	BC	; space left by ASPACE
01E8  3E 20             	LD	A,20H 	; space code
01EA  B9                	CP	C 	; space?
01EB  20 06             	JR 	NZ, TOK
01ED  BE                IGNLB	CP	(HL)
01EE  20 03             	JR	NZ,TOK
01F0  2C                	INC	L
01F1  18 FA             	JR 	IGNLB
01F3  E5                TOK	PUSH	HL
01F4  04                COUNT	INC	B
01F5  2C                	INC 	L
01F6  7E                	LD 	A,(HL)
01F7  B9                	CP 	C
01F8  28 04             	JR 	Z,ENDTOK
01FA  17                	RLA
01FB  30 F7             	JR 	NC,COUNT
01FD  2D                	DEC	L
01FE  2C                ENDTOK	INC	L
01FF  22 8102           	LD 	(LBP), HL
0202  78                	LD	A,B
0203  12                	LD	(DE), A
0204  13                	INC	DE
0205  E1                	POP	HL
0206  48                	LD 	C,B
0207  06 00             	LD 	B,0
0209  EDB0              	LDIR  		; Move token to dictionary
020B  D9                	EXX
020C  FDE9              	JP 	(IY)




020E                    QSEARCH

                        ; ABSENT?
                        ; - NO -> ?EXECUTE -> ASPACE
                        ; - YES -> NUMBER

020E  1002              QEXECUTE	DW $ + 2
0210  00                	NOP
0211  FDE9              	JP (IY)

0213  1502              QNUMBER		DW $ + 2
0215  00                	NOP
0216  FDE9              	JP (IY)

0218  1A02              @IF	DW $ + 2
021A  00                	NOP
021B  FDE9              	JP (IY)

                        ; For Z80 MC - DDT was changed to use RST 6 since the hardware uses RST 7.
                        ; For Standard CP/M
021D  1F02              TILHALT	DW	$ + 2
                        	IF STD_CPM = 1
                        	ELSE
021F  F7                	RST 	6
                        	ENDIF


                        ; INVALID NUMBER?
                        ; NO -> ASPACE
                        ; YES -> QUESTION

                        ; QUESTION
0220  2202              QUESTION	DW	$ + 2
0222  2A 8204           	LD 	HL,(DP)
0225  23                	INC 	HL
0226  CB7E              	BIT	7,(HL)	; IF BIT SET, A TERMINATOR
0228  28 06             	JR	Z,ERROR	;NOT SET ERROR
022A  11 4202           	LD	DE,OK
022D  D5                	PUSH	DE
022E  FDE9              	JP	(IY)
0230  CD 7202           ERROR	CALL	_CRLF
0233  FD21 3A02         	LD	IY,RETURN
0237  C3 6301           	JP	TYPE
023A  11 4002           RETURN	LD	DE, QMSG
023D  C3 4502           	JP	_PATCH

                        ; GOTO TYPE


                        ; Internals

0240  3F00              QMSG	DB	'?', 0
0242  4F4B00            OK	DB	'OK',0

                        ; PATCH internal routine.
0245  00                _PATCH	DB	0



                        ; EXECUTE primitive needs a dictionary entry for defining words.
                        ; This is a model for all other Primitive words that will be added to the dictionary
                        ;
0246  07455845          	DB	7,'E','X','E'	; Header for dictionary search
024A  0000              	DW	0		; Link address 0000 == End of Linked List.
024C  4E02              EXECUTE DW	$ + 2		; Address of EXECUTE.
024E  E1                	POP	HL		; primitive code.
024F  C3 4F01           	JP	RUN

                        ;----------------------------------------
                        ; CP/M Machine Specific routines
                        ;
                        ; *   Internal Routines interfacing with Operating System.
                        ; * _ECHO - Echo a character to terminal
                        ; * _KEY - Read a key from terminal
                        ; * _CRLF - Output CR/LF to terminal
                        ;----------------------------------------
                        ;; Handy Constants
      = 000D            CR	EQU     0DH
      = 000A            LF	EQU     0AH
      = 0024            DOLLAR  EQU     24H
      = 001B            ESC     EQU     1BH
      = 0003            CTRLC   EQU     03H

                        ; Screen print calls
      = 0003            CHAR_IN EQU     03H
      = 000B            C_STAT  EQU     0BH
      = 0006            C_RAWIO EQU     06H

                        ; til has own write str using _ECHO
                        ;WRITESTR        EQU     9H
      = 0002            PRTCHR  EQU     02H
      = 0005            BDOS    EQU     05H

                        ; Output one character.
                        ; A = Input Char.
                        ; preserve BC register.
                        ; preserve HL register.
0252                    _ECHO
0252  E5                	PUSH HL
0253  C5                        PUSH BC
0254  D5                	PUSH DE
0255  57                	LD D,A
0256  5F                	LD E,A
0257  0E 02                     LD C, PRTCHR
0259  CD 0500                   CALL BDOS
025C  D1                        POP DE
025D  C1                	POP BC
025E  E1                	POP HL
025F  C9                        RET

                        ; Get a key
0260                    _KEY
                        ; Preserve BC, DE, and HL.
0260  C5                	PUSH	BC
0261  D5                	PUSH	DE
0262  E5                	PUSH	HL
0263  0E 06             WAITKEY LD	C, C_RAWIO
0265  11 FFFF                   LD	DE,FFFFh
0268  CD 0500                   CALL    BDOS
026B  B7                        OR 	A
026C  28 F5                     JR 	Z,WAITKEY
026E  E1                	POP	HL
026F  D1                        POP	DE
0270  C1                        POP	BC
                        ; Character returned in A register.
0271  C9                        RET

                        ; Output CR LF to console.
0272                    _CRLF
0272  F5                	PUSH AF
0273  3E 0D             	LD A, CR
0275  CD 5202           	CALL _ECHO
0278  3E 0A             	LD A, LF
027A  CD 5202           	CALL _ECHO
027D  F1                	POP AF
027E  C9                        RET

                        ; Constants
                        ;
      = 0018            LINEDEL	EQU	18H	; ctrl-x line delete
      = 0020            SPACE	EQU	20h	; space
      = 0008            BKSP	EQU	08h	; ctrl-H backspace

                        ; Variables
027F  00                BASE	DB	0	; BASE for restart/warm start
0280  00                MODE	DB	0	; MODE
0281  0000              LBP	DW	0 	; line buffer pointer
      = 0080            LENGTH	EQU	128	; buffer length
0400                    	ORG	400h	; put on page boundary
0400   (0080)           LBADD	DS	128	; text input buffer
0480  0000              LBEND	DW	0

                        ; Dictonary pointer
0482  A704              DP	DW	DICT
      = 8000            STACK	EQU	8000h

                        ; Strings
0484  0C205449 4C205245 RSTMSG	DB	12, ' TIL RESTART'
048C  53544152 54
0491  15205745 4C434F4D SRTMSG	DB	21, ' WELCOME TO RETRO TIL'
0499  4520544F 20524554
04A1  524F2054 494C


04A7   (0FA0)           DICT    DS      4000




1447   (0000)           	END	0000

@IF                0218    ABORT              0111    ASPACE             01CF
BASE               027F    BDOS               0005 E  BKSP               0008 E
CHAR_IN            0003 E  CLEAR              0185    COLON              0155
COUNT              01F4    CR                 000D E  CTRLC              0003 E
C_RAWIO            0006 E  C_STAT             000B E  DICT               04A7
DOLLAR             0024 E  DP                 0482    ENDTOK             01FE
ERROR              0230    ESC                001B E  EXECUTE            024C
IEND               01BD    IGNLB              01ED    INKEY              018C
INLINE             0177    ISSUE              01A2    ISTART             017A
LAST1              01C7    LBADD              0400    LBEND              0480
LBP                0281    LENGTH             0080 E  LF                 000A E
LINEDEL            0018 E  MODE               0280    NEXT               0149
NOTLC              01BA    OK                 0242    ONECHAR            016B
OUTER              012F    PRTCHR             0002 E  QEXECUTE           020E
QMSG               0240    QNUMBER            0213    QSEARCH            020E
QUESTION           0220    RETURN             023A    RSTMSG             0484
RUN                014F    SAVEIT             01AF    SEMI               013D
SPACE              0020 E  SRTMSG             0491    STACK              8000 E
START              0100    STD_CPM            0000 E  TILHALT            021D
TOK                01F3    TOKEN              01DD    TSTBS              0198
TSTCR              01A7    TYPE               0163    TYPEIT             0165
WAITKEY            0263    ZERO               018A    _CRLF              0272
_ECHO              0252    _KEY               0260    _PATCH             0245
