                        ; *****  TIL
                        ; Outer Interpreter
                        ; Author Kelly Loyd
                        ; Target System
                        ;   Z80 CP/M 64K RAM
                        ; ***

                        ; Non Standard Z80 MC
         = 00000001     std_cpm = 1
                        ; Use CPM BDOS?
         = 00000001     CPM = 1

                        ;---------- Put in CP/M Transient Memory space.
                         IF CPM = 1
00000100                	ORG	100H
                         ELSE
                         ENDIF
til.asm:19: *** Error:  Illegal opcode 'JP' ***
                        	JP	START

                        ;---------- START/RESTART
til.asm:22: *** Error:  Illegal opcode 'LD' ***
00000100                START	LD	DE,RSTMSG
til.asm:23: *** Error:  Illegal opcode 'LD' ***
                        	LD	A,(BASE)
til.asm:24: *** Error:  Illegal opcode 'AND' ***
                        	AND	A
til.asm:25: *** Error:  Illegal opcode 'JR' ***
                        	JR	NZ, ABORT
til.asm:26: *** Error:  Illegal opcode 'LD' ***
                        	LD	A,10
til.asm:27: *** Error:  Illegal opcode 'LD' ***
                        	LD	(BASE),A
til.asm:28: *** Error:  Illegal opcode 'LD' ***
                        	LD	DE,SRTMSG
til.asm:29: *** Error:  Illegal opcode 'LD' ***
00000100                ABORT	LD	SP,STACK
til.asm:30: *** Error:  Illegal opcode 'PUSH' ***
                        	PUSH	DE
til.asm:31: *** Error:  Illegal opcode 'LD' ***
                        	LD	HL,0
til.asm:32: *** Error:  Illegal opcode 'LD' ***
                        	LD	(MODEPTR),HL
til.asm:33: *** Error:  Illegal opcode 'LD' ***
                        	LD	IY,NEXT
til.asm:34: *** Error:  Illegal opcode 'LD' ***
                        	LD	IX,RETURN
til.asm:35: *** Error:  Illegal opcode 'LD' ***
                        	LD	HL,8080h
til.asm:36: *** Error:  Illegal opcode 'LD' ***
                        	LD	(LBEND),HL
til.asm:37: *** Error:  Illegal opcode 'LD' ***
                        	LD	BC,OUTER	; Effectively, Set OUTER as the next routine
til.asm:38: *** Error:  Illegal opcode 'JP' ***
                        	JP	NEXT		; Call NEXT in the Inner Interpreter, which will load address of OUTER and Jump to it.

                        ; Entry point of OUTER interpreter.
til.asm:41: *** Error:  CPU endian not defined ***
00000100                OUTER	DW	TYPE
til.asm:42: *** Error:  CPU endian not defined ***
00000100                	DW	INLINE
til.asm:43: *** Error:  CPU endian not defined ***
00000100                	DW	ASPACE
til.asm:44: *** Error:  CPU endian not defined ***
00000100                	DW	TOKEN
til.asm:45: *** Error:  CPU endian not defined ***
00000100                	DW 	QSEARCH	; Leaves something on the stack if found or not found?
til.asm:46: *** Error:  CPU endian not defined ***
00000100                	DW	AT_IF
00000100 0B             	DB	0BH
til.asm:48: *** Error:  CPU endian not defined ***
00000101                	DW	QNUMBER
til.asm:49: *** Error:  CPU endian not defined ***
00000101                	DW	AT_END
00000101 F3             	DB	F3H
til.asm:51: *** Error:  CPU endian not defined ***
00000102                	DW	QUESTION
til.asm:52: *** Error:  CPU endian not defined ***
00000102                	DW	AT_WHILE
00000102 EA             	DB	EAH
til.asm:54: *** Error:  CPU endian not defined ***
00000103                	DW	QEXECUTE
til.asm:55: *** Error:  CPU endian not defined ***
00000103                	DW	AT_WHILE
00000103 E9             	DB	E9H
                        ; End of OUTER - Infinite loop



                        ; --------- Inner Interpreter
til.asm:62: *** Error:  CPU endian not defined ***
00000104                SEMI	DW	$ + 2
til.asm:63: *** Error:  Illegal opcode 'LD' ***
                        	LD	C,(IX+0)
til.asm:64: *** Error:  Illegal opcode 'INC' ***
                        	INC	IX
til.asm:65: *** Error:  Illegal opcode 'LD' ***
                        	LD	B,(IX+0)
til.asm:66: *** Error:  Illegal opcode 'INC' ***
                        	INC	IX
til.asm:67: *** Error:  Illegal opcode 'LD' ***
00000104                NEXT	LD	A,(BC)	; BC = Instruction Register
til.asm:68: *** Error:  Illegal opcode 'LD' ***
                        	LD	L,A	; @I -> WA (HL = word address)
til.asm:69: *** Error:  Illegal opcode 'INC' ***
                        	INC	BC
til.asm:70: *** Error:  Illegal opcode 'LD' ***
                        	LD	A,(BC)
til.asm:71: *** Error:  Illegal opcode 'LD' ***
                        	LD	H,A
til.asm:72: *** Error:  Illegal opcode 'INC' ***
                        	INC	BC	; I = I + 2
til.asm:73: *** Error:  Illegal opcode 'LD' ***
00000104                RUN	LD	E,(HL)	; @WA -> CA (Code Address)
til.asm:74: *** Error:  Illegal opcode 'INC' ***
                        	INC	HL	; WA = WA + 2
til.asm:75: *** Error:  Illegal opcode 'LD' ***
                        	LD	D,(HL)
til.asm:76: *** Error:  Illegal opcode 'INC' ***
                        	INC	HL
til.asm:77: *** Error:  Illegal opcode 'EX' ***
                        	EX	DE,HL	; CA -> PC
til.asm:78: *** Error:  Illegal opcode 'JP' ***
                        	JP	(HL)

til.asm:80: *** Error:  Illegal opcode 'DEC' ***
00000104                COLON	DEC	IX
til.asm:81: *** Error:  Illegal opcode 'LD' ***
                        	LD	(IX+0),B
til.asm:82: *** Error:  Illegal opcode 'DEC' ***
                        	DEC	IX
til.asm:83: *** Error:  Illegal opcode 'LD' ***
                        	LD	(IX+0),C
til.asm:84: *** Error:  Illegal opcode 'LD' ***
                        	LD	C,E
til.asm:85: *** Error:  Illegal opcode 'LD' ***
                        	LD	B,D
til.asm:86: *** Error:  Illegal opcode 'JP' ***
                        	JP	(IY)
                        ;----------- End of Inner -----

                        ;----------   IMPORTANT - Start of Vocabulary, Dictionary Entries
                        ;   Any code that is INTERNAL only, should come after the last Dictionary Entry.
00000104                DICT_BEG
00000104 0554 4F4B              DB 5,'TOK'	; TOKEN ID
til.asm:93: *** Error:  CPU endian not defined ***
00000108                	DW	SEARCH - 6      ; should point to the Entry start.
til.asm:94: *** Error:  CPU endian not defined ***
00000108                TOKEN	DW	$ + 2
til.asm:95: *** Error:  Illegal opcode 'EXX' ***
                        	EXX 	; Save IR (EXX exchanges BC, DE, and HL with shadow registers with BC', DE', and HL'.)
til.asm:96: *** Error:  Illegal opcode 'LD' ***
                        	LD	HL,(LBP) ; pointer to token
til.asm:97: *** Error:  Illegal opcode 'LD' ***
                        	LD	DE,(DP) ; pointer to Dictionary
til.asm:98: *** Error:  Illegal opcode 'POP' ***
                        	POP 	BC	; space left by ASPACE
til.asm:99: *** Error:  Illegal opcode 'LD' ***
                        	LD	A,20H 	; space code
til.asm:100: *** Error:  Illegal opcode 'CP' ***
                        	CP	C 	; space?
til.asm:101: *** Error:  Illegal opcode 'JR' ***
                        	JR 	NZ, TOK
til.asm:102: *** Error:  Illegal opcode 'CP' ***
00000108                IGNLB	CP	(HL)
til.asm:103: *** Error:  Illegal opcode 'JR' ***
                        	JR	NZ,TOK
til.asm:104: *** Error:  Illegal opcode 'INC' ***
                        	INC	L
til.asm:105: *** Error:  Illegal opcode 'JR' ***
                        	JR 	IGNLB
til.asm:106: *** Error:  Illegal opcode 'PUSH' ***
00000108                TOK	PUSH	HL
til.asm:107: *** Error:  Illegal opcode 'INC' ***
00000108                COUNT	INC	B
til.asm:108: *** Error:  Illegal opcode 'INC' ***
                        	INC 	L
til.asm:109: *** Error:  Illegal opcode 'LD' ***
                        	LD 	A,(HL)
til.asm:110: *** Error:  Illegal opcode 'CP' ***
                        	CP 	C
til.asm:111: *** Error:  Illegal opcode 'JR' ***
                        	JR 	Z,ENDTOK
til.asm:112: *** Error:  Illegal opcode 'RLA' ***
                        	RLA
til.asm:113: *** Error:  Illegal opcode 'JR' ***
                        	JR 	NC,COUNT
til.asm:114: *** Error:  Illegal opcode 'DEC' ***
                        	DEC	L
til.asm:115: *** Error:  Illegal opcode 'INC' ***
00000108                ENDTOK	INC	L
til.asm:116: *** Error:  Illegal opcode 'LD' ***
                        	LD 	(LBP), HL
til.asm:117: *** Error:  Illegal opcode 'LD' ***
                        	LD	A,B
til.asm:118: *** Error:  Illegal opcode 'LD' ***
                        	LD	(DE), A
til.asm:119: *** Error:  Illegal opcode 'INC' ***
                        	INC	DE
til.asm:120: *** Error:  Illegal opcode 'POP' ***
                        	POP	HL
til.asm:121: *** Error:  Illegal opcode 'LD' ***
                        	LD 	C,B
til.asm:122: *** Error:  Illegal opcode 'LD' ***
                        	LD 	B,0
til.asm:123: *** Error:  Illegal opcode 'LDIR' ***
                        	LDIR  		; Move token to dictionary
til.asm:124: *** Error:  Illegal opcode 'EXX' ***
                        	EXX
til.asm:125: *** Error:  Illegal opcode 'JP' ***
                        	JP 	(IY)


                        ; SEARCH Primitive
00000108 0653 4541              DB      6,'SEA'
til.asm:130: *** Error:  CPU endian not defined ***
0000010C                        DW      AT - 6     ; Point to the Entry proper.
til.asm:131: *** Error:  CPU endian not defined ***
0000010C                SEARCH  DW      $ + 2
til.asm:132: *** Error:  Illegal opcode 'EXX' ***
                                EXX     ; save registers
til.asm:133: *** Error:  Illegal opcode 'POP' ***
                                POP     HL      ; start of header
til.asm:134: *** Error:  Illegal opcode 'PUSH' ***
0000010C                TESTIT  PUSH    HL      ; save start of header
til.asm:135: *** Error:  Illegal opcode 'LD' ***
                                LD      DE,(DP)         ;dictionary pointer.
til.asm:136: *** Error:  Illegal opcode 'LD' ***
                                LD      C, 0    ; used with B as false flag
til.asm:137: *** Error:  Illegal opcode 'LD' ***
                                LD      A,(DE)  ;get dictionary token length
til.asm:138: *** Error:  Illegal opcode 'CP' ***
                                CP      (HL)    ; same as keyword length?
til.asm:139: *** Error:  Illegal opcode 'JP' ***
                                JP      NZ, NXTHDR      ; go to next entry in linked list.
til.asm:140: *** Error:  Illegal opcode 'CP' ***
                                CP      4       ; Is length over 3?
til.asm:141: *** Error:  Illegal opcode 'JR' ***
                                JR      C, BEL04        ; skip set 3
til.asm:142: *** Error:  Illegal opcode 'LD' ***
                                LD      A, 3    ; length = 3
til.asm:143: *** Error:  Illegal opcode 'LD' ***
0000010C                BEL04   LD      B, A
til.asm:144: *** Error:  Illegal opcode 'INC' ***
0000010C                NEXTCH  INC     HL      ; Bump header
til.asm:145: *** Error:  Illegal opcode 'INC' ***
                                INC     DE      ; bump dictionary pointer.
til.asm:146: *** Error:  Illegal opcode 'LD' ***
                                LD      A, (DE) ; next character
til.asm:147: *** Error:  Illegal opcode 'CP' ***
                                CP      (HL)
til.asm:148: *** Error:  Illegal opcode 'JR' ***
                                JR      NZ, NXTHDR      ; Go to next header entry.
til.asm:149: *** Error:  Illegal opcode 'DJNZ' ***
                                DJNZ    NEXTCH          ; next character
til.asm:150: *** Error:  Illegal opcode 'POP' ***
                                POP     HL      ; start of found header
til.asm:151: *** Error:  Illegal opcode 'LD' ***
                                LD      DE,6    ; start plus 6
til.asm:152: *** Error:  Illegal opcode 'ADD' ***
                                ADD     HL,DE   ; == Word Address
til.asm:153: *** Error:  Illegal opcode 'PUSH' ***
                                PUSH    HL      ; push WA; BC = 0 for Flag.
til.asm:154: *** Error:  Illegal opcode 'JR' ***
                                JR      FLAG
til.asm:155: *** Error:  Illegal opcode 'POP' ***
0000010C                NXTHDR  POP     HL      ; start of current header
til.asm:156: *** Error:  Illegal opcode 'LD' ***
                                LD      DE,4    ; plus 4 == Link Address (pointer to next entry)
til.asm:157: *** Error:  Illegal opcode 'ADD' ***
                                ADD     HL, DE  ; To Next keyword
til.asm:158: *** Error:  Illegal opcode 'LD' ***
                                LD      E, (HL) ; get link address
til.asm:159: *** Error:  Illegal opcode 'INC' ***
                                INC     HL
til.asm:160: *** Error:  Illegal opcode 'LD' ***
                                LD      D, (HL)
til.asm:161: *** Error:  Illegal opcode 'EX' ***
                                EX      DE, HL
til.asm:162: *** Error:  Illegal opcode 'LD' ***
                                LD      A, H
til.asm:163: *** Error:  Illegal opcode 'OR' ***
                                OR      L
til.asm:164: *** Error:  Illegal opcode 'JR' ***
                                JR      NZ, TESTIT ; not 0, test next header.
til.asm:165: *** Error:  Illegal opcode 'LD' ***
                                LD      C, 1    ; false
til.asm:166: *** Error:  Illegal opcode 'PUSH' ***
0000010C                FLAG    PUSH    BC      ; push flag
til.asm:167: *** Error:  Illegal opcode 'EXX' ***
                                EXX             ;Restore registers
til.asm:168: *** Error:  Illegal opcode 'JP' ***
                                JP      (IY)    ; back to NEXT

                        ; @ - AT (Assembler won't allow @ for a label.)
0000010C 0140 0000              DB      1,'@',0,0   ; Search will find length of 1 and only look at first char. others are spaces to fill 3 bytes.
til.asm:172: *** Error:  CPU endian not defined ***
00000110                        DW      CONTEXT - 6
til.asm:173: *** Error:  CPU endian not defined ***
00000110                AT      DW      $ + 2
til.asm:174: *** Error:  Illegal opcode 'POP' ***
                                POP     HL
til.asm:175: *** Error:  Illegal opcode 'LD' ***
                                LD      E, (HL) ; low byte at address
til.asm:176: *** Error:  Illegal opcode 'INC' ***
                                INC     HL
til.asm:177: *** Error:  Illegal opcode 'LD' ***
                                LD      D, (HL) ; high byte
til.asm:178: *** Error:  Illegal opcode 'PUSH' ***
                                PUSH    DE
til.asm:179: *** Error:  Illegal opcode 'JP' ***
                                JP      (IY)

                        ; CONTEXT, pushes to the stack the address of Vocabulary
00000110 0743 4F4E              DB      7,'CON'
til.asm:183: *** Error:  CPU endian not defined ***
00000114                        DW	MODE - 6
til.asm:184: *** Error:  CPU endian not defined ***
00000114                CONTEXT DW      $ + 2
til.asm:185: *** Error:  Illegal opcode 'LD' ***
                        	LD	DE, CTXTPTR
til.asm:186: *** Error:  Illegal opcode 'PUSH' ***
                        	PUSH	DE
til.asm:187: *** Error:  Illegal opcode 'JP' ***
                        	JP	(IY)

                        ; MODE, pushes mode pointer to stack
00000114 044D 4F44      	DB	4,'MOD'
til.asm:191: *** Error:  CPU endian not defined ***
00000118                	DW	EXECUTE -6
til.asm:192: *** Error:  CPU endian not defined ***
00000118                MODE	DW	$ + 2
til.asm:193: *** Error:  Illegal opcode 'LD' ***
                        	LD	DE, MODEPTR
til.asm:194: *** Error:  Illegal opcode 'PUSH' ***
                        	PUSH	DE
til.asm:195: *** Error:  Illegal opcode 'JP' ***
                        	JP	(IY)

                        ; EXECUTE primitive needs a dictionary entry for defining words.
                        ; This is a model for all other Primitive words that will be added to the dictionary
                        ;
00000118 0745 5845      	DB	7,'EXE'	; Header for dictionary search
til.asm:201: *** Error:  CPU endian not defined ***
0000011C                	DW	C@ - 6		; Link address 0000 == End of Linked List.
til.asm:202: *** Error:  CPU endian not defined ***
0000011C                EXECUTE DW	$ + 2		; Address of EXECUTE.
til.asm:203: *** Error:  Illegal opcode 'POP' ***
                        	POP	HL		; primitive code.
til.asm:204: *** Error:  Illegal opcode 'JP' ***
                        	JP	RUN

0000011C 0243 4020      	DB 2,'C@ '
til.asm:207: *** Error:  CPU endian not defined ***
00000120                	DW	DROP - 6
til.asm:208: *** Error:  Illegal opcode '@' ***
00000120                C@	DW $ + 2
til.asm:209: *** Error:  Illegal opcode 'POP' ***
                        	POP		HL
til.asm:210: *** Error:  Illegal opcode 'LD' ***
                        	LD		E,(HL)
til.asm:211: *** Error:  Illegal opcode 'LD' ***
                        	LD		A,E
til.asm:212: *** Error:  Illegal opcode 'RLA' ***
                        	RLA
til.asm:213: *** Error:  Illegal opcode 'SBC' ***
                        	SBC		A,A
til.asm:214: *** Error:  Illegal opcode 'LD' ***
                        	LD		D,A
til.asm:215: *** Error:  Illegal opcode 'PUSH' ***
                        	PUSH   	DE
til.asm:216: *** Error:  Illegal opcode 'JP' ***
                        	JP (IY)

00000120 0444 524F      	DB	4,'DRO'
til.asm:219: *** Error:  CPU endian not defined ***
00000124                	DW 	STATE - 6
til.asm:220: *** Error:  CPU endian not defined ***
00000124                DROP	DW	$ + 2
til.asm:221: *** Error:  Illegal opcode 'POP' ***
                        	POP	HL
til.asm:222: *** Error:  Illegal opcode 'JP' ***
                        	JP (IY)

00000124 0553 5441      	DB 5,'STA' ; STATE
til.asm:225: *** Error:  CPU endian not defined ***
00000128                	DW	CX - 6
00000128                STATE
til.asm:227: *** Error:  CPU endian not defined ***
00000128                	DW	$ + 2

                        	;; PUSH TO STACK ADDRESS OF SYSTEM STATE VARIABLE
                        	; TODO

00000128 0243 2120      	DB	2,'C! '
til.asm:233: *** Error:  CPU endian not defined ***
0000012C                	DW	COMPILER - 6
til.asm:234: *** Error:  CPU endian not defined ***
0000012C                CX 	DW	$ + 2

0000012C 0843 4F4D      	DB 8, 'COM'   ; PILER --- See *SYS !!! this is an offset to compiler points to last address of compiler dictionary.
til.asm:237: *** Error:  CPU endian not defined ***
00000130                	DW	0000
00000130                COMPILER
til.asm:239: *** Error:  CPU endian not defined ***
00000130                	DW	$ + 2
til.asm:240: *** Error:  CPU endian not defined ***
00000130                	DW 0000

                        ;----------   End of Dictonary Entries

                        ;
                        ; ?SEARCH - Secondary to search dictionary.
til.asm:246: *** Error:  CPU endian not defined ***
00000130                QSEARCH DW      COLON
til.asm:247: *** Error:  CPU endian not defined ***
00000130                        DW      CONTEXT
til.asm:248: *** Error:  CPU endian not defined ***
00000130                        DW      AT
til.asm:249: *** Error:  CPU endian not defined ***
00000130                        DW      AT
til.asm:250: *** Error:  CPU endian not defined ***
00000130                        DW      SEARCH
til.asm:251: *** Error:  CPU endian not defined ***
00000130                        DW      DUP
til.asm:252: *** Error:  CPU endian not defined ***
00000130                        DW      AT_IF
00000130 20             	DB	20H
til.asm:254: *** Error:  CPU endian not defined ***
00000131                        DW	MODE
til.asm:255: *** Error:  CPU endian not defined ***
00000131                	DW	C@
til.asm:256: *** Error:  CPU endian not defined ***
00000131                	DW	AT_IF
00000131 19             	DB	19H
til.asm:258: *** Error:  CPU endian not defined ***
00000132                	DW	DROP
til.asm:259: *** Error:  CPU endian not defined ***
00000132                	DW	COMPILER
til.asm:260: *** Error:  CPU endian not defined ***
00000132                	DW	AT
til.asm:261: *** Error:  CPU endian not defined ***
00000132                	DW	SEARCH
til.asm:262: *** Error:  CPU endian not defined ***
00000132                	DW	DUP
til.asm:263: *** Error:  CPU endian not defined ***
00000132                	DW	AT_IF
00000132 06             	DB	06H
til.asm:265: *** Error:  CPU endian not defined ***
00000133                	DW	0
til.asm:266: *** Error:  CPU endian not defined ***
00000133                	DW	AT_ELSE
00000133 03             	DB	03
til.asm:268: *** Error:  CPU endian not defined ***
00000134                	DW	1
til.asm:269: *** Error:  CPU endian not defined ***
00000134                	DW	STATE
til.asm:270: *** Error:  CPU endian not defined ***
00000134                	DW	CX
til.asm:271: *** Error:  CPU endian not defined ***
00000134                	DW	SEMI




                        ; TYPE - String with length byte (0a1234567890) printed to console.
til.asm:277: *** Error:  CPU endian not defined ***
00000134                TYPE	DW	$ + 2
til.asm:278: *** Error:  Illegal opcode 'POP' ***
00000134                TYPEIT	POP	DE	; get address of string
til.asm:279: *** Error:  Illegal opcode 'PUSH' ***
                        	PUSH	HL 	; save WA
til.asm:280: *** Error:  Illegal opcode 'PUSH' ***
                        	PUSH	BC	; Save IR.
til.asm:281: *** Error:  Illegal opcode 'EX' ***
                        	EX	DE,HL
til.asm:282: *** Error:  Illegal opcode 'LD' ***
                        	LD	B,(HL)
til.asm:283: *** Error:  Illegal opcode 'INC' ***
                        	INC	HL
til.asm:284: *** Error:  Illegal opcode 'LD' ***
00000134                ONECHAR	LD	A,(HL)
til.asm:285: *** Error:  Illegal opcode 'CALL' ***
                        	CALL	_ECHO
til.asm:286: *** Error:  Illegal opcode 'INC' ***
                        	INC	HL
til.asm:287: *** Error:  Illegal opcode 'DJNZ' ***
                        	DJNZ	ONECHAR
til.asm:288: *** Error:  Illegal opcode 'POP' ***
                        	POP	BC	; Restore IR
til.asm:289: *** Error:  Illegal opcode 'POP' ***
                        	POP	HL	; Restore WA
til.asm:290: *** Error:  Illegal opcode 'JP' ***
                        	JP	NEXT




                        ; INLINE
til.asm:296: *** Error:  CPU endian not defined ***
00000134                INLINE	DW	$ + 2	;header address
til.asm:297: *** Error:  Illegal opcode 'PUSH' ***
                        	PUSH	BC	; Save IR
til.asm:298: *** Error:  Illegal opcode 'CALL' ***
00000134                ISTART	CALL	_CRLF	; Issue CR / LF on terminal for new input
til.asm:299: *** Error:  Illegal opcode 'LD' ***
                        	LD	HL, LBADD	; Buffer
til.asm:300: *** Error:  Illegal opcode 'LD' ***
                        	LD	(LBP), HL
til.asm:301: *** Error:  Illegal opcode 'LD' ***
                        	LD	B, LENGTH
til.asm:302: *** Error:  Illegal opcode 'LD' ***
00000134                CLEAR	LD	(HL), SPACE
til.asm:303: *** Error:  Illegal opcode 'INC' ***
                        	INC	HL
til.asm:304: *** Error:  Illegal opcode 'DJNZ' ***
                        	DJNZ	CLEAR
til.asm:305: *** Error:  Illegal opcode 'LD' ***
00000134                ZERO	LD	L,0
til.asm:306: *** Error:  Illegal opcode 'CALL' ***
00000134                INKEY	CALL	_KEY
til.asm:307: *** Error:  Illegal opcode 'CP' ***
                        	CP	LINEDEL		; CTRL-X is Line Delete
til.asm:308: *** Error:  Illegal opcode 'JR' ***
                        	JR	NZ,TSTBS
til.asm:309: *** Error:  Illegal opcode 'CALL' ***
                        	CALL	_ECHO
til.asm:310: *** Error:  Illegal opcode 'JR' ***
                        	JR ISTART
til.asm:311: *** Error:  Illegal opcode 'CP' ***
00000134                TSTBS	CP	BKSP		; backspace CTRL-H
til.asm:312: *** Error:  Illegal opcode 'JR' ***
                        	JR	NZ, TSTCR
til.asm:313: *** Error:  Illegal opcode 'DEC' ***
                        	DEC	HL
til.asm:314: *** Error:  Illegal opcode 'JP' ***
                        	JP	M,ZERO
til.asm:315: *** Error:  Illegal opcode 'LD' ***
                        	LD	(HL), SPACE
til.asm:316: *** Error:  Illegal opcode 'CALL' ***
00000134                ISSUE	CALL	_ECHO
til.asm:317: *** Error:  Illegal opcode 'JR' ***
                        	JR	INKEY
til.asm:318: *** Error:  Illegal opcode 'CP' ***
00000134                TSTCR	CP	CR
til.asm:319: *** Error:  Illegal opcode 'JR' ***
                        	JR	Z,LAST1
til.asm:320: *** Error:  Illegal opcode 'BIT' ***
                        	BIT	7,L
til.asm:321: *** Error:  Illegal opcode 'JR' ***
                        	JR	NZ,IEND
til.asm:322: *** Error:  Illegal opcode 'LD' ***
00000134                SAVEIT	LD	(HL),A
til.asm:323: *** Error:  Illegal opcode 'CP' ***
                        	CP	61H	; Less than LC A ?
til.asm:324: *** Error:  Illegal opcode 'JR' ***
                        	JR	C,NOTLC
til.asm:325: *** Error:  Illegal opcode 'CP' ***
                        	CP	7BH	; MORE THAN LC Z?
til.asm:326: *** Error:  Illegal opcode 'JR' ***
                        	JR	NC,NOTLC
til.asm:327: *** Error:  Illegal opcode 'RES' ***
                        	RES	5,(HL)
til.asm:328: *** Error:  Illegal opcode 'INC' ***
00000134                NOTLC	INC	L
til.asm:329: *** Error:  Illegal opcode 'JR' ***
                        	JR	ISSUE
til.asm:330: *** Error:  Illegal opcode 'DEC' ***
00000134                IEND	DEC	L
til.asm:331: *** Error:  Illegal opcode 'LD' ***
                        	LD	C,A
til.asm:332: *** Error:  Illegal opcode 'LD' ***
                        	LD	A,BKSP
til.asm:333: *** Error:  Illegal opcode 'CALL' ***
                        	CALL	_ECHO
til.asm:334: *** Error:  Illegal opcode 'LD' ***
                        	LD	A,C
til.asm:335: *** Error:  Illegal opcode 'JR' ***
                        	JR 	SAVEIT
til.asm:336: *** Error:  Illegal opcode 'LD' ***
00000134                LAST1	LD	A, SPACE
til.asm:337: *** Error:  Illegal opcode 'CALL' ***
                        	CALL	_ECHO
til.asm:338: *** Error:  Illegal opcode 'POP' ***
                        	POP	BC
til.asm:339: *** Error:  Illegal opcode 'JP' ***
                        	JP	(IY)	; Return to NEXT inner interpreter.

                        ; Push 20h to stack, will pop into BC in TOKEN, and BC will be 0020h
til.asm:342: *** Error:  CPU endian not defined ***
00000134                ASPACE	DW	$ + 2
til.asm:343: *** Error:  Illegal opcode 'LD' ***
                        	LD	DE, 20h
til.asm:344: *** Error:  Illegal opcode 'PUSH' ***
                        	PUSH	DE
til.asm:345: *** Error:  Illegal opcode 'JP' ***
                        	JP	(IY)


                        ; TODO ?EXECUTE - Execute Secondary.
til.asm:349: *** Error:  CPU endian not defined ***
00000134                QEXECUTE	DW $ + 2
til.asm:350: *** Error:  Illegal opcode 'NOP' ***
                        	NOP
til.asm:351: *** Error:  Illegal opcode 'JP' ***
                        	JP (IY)

                        ; TODO ?NUMBER - Is the token a Number?
                        ; No - return false
                        ; Yes - push number to stack
til.asm:356: *** Error:  CPU endian not defined ***
00000134                QNUMBER	DW	COLON
til.asm:357: *** Error:  CPU endian not defined ***
00000134                	DW	NUMBER
til.asm:358: *** Error:  CPU endian not defined ***
00000134                	DW	AT_IF
00000134 25             	DB	25H
til.asm:360: *** Error:  CPU endian not defined ***
00000135                	DW	MODE
til.asm:361: *** Error:  CPU endian not defined ***
00000135                	DW	C@
til.asm:362: *** Error:  CPU endian not defined ***
00000135                	DW	AT_IF
00000135 19             	DB	19H
til.asm:364: *** Error:  CPU endian not defined ***
00000136                	DW	SINGLE
til.asm:365: *** Error:  CPU endian not defined ***
00000136                	DW	AT_IF
00000136 0C             	DB	0CH
til.asm:367: *** Error:  CPU endian not defined ***
00000137                	DW	STARHASH	; *# *# ; wot is this
til.asm:368: *** Error:  CPU endian not defined ***
00000137                	DW	STARHASH
til.asm:369: *** Error:  CPU endian not defined ***
00000137                	DW	COMMA	; ,
til.asm:370: *** Error:  CPU endian not defined ***
00000137                	DW	COMMA	; ,
til.asm:371: *** Error:  CPU endian not defined ***
00000137                	DW	AT_ELSE
00000137 09             	DB	09H
til.asm:373: *** Error:  CPU endian not defined ***
00000138                	DW	STARHASH	; *#
til.asm:374: *** Error:  CPU endian not defined ***
00000138                	DW	STCHSH 	; *C#
til.asm:375: *** Error:  CPU endian not defined ***
00000138                	DW	COMMA	; ,
til.asm:376: *** Error:  CPU endian not defined ***
00000138                	DW	CCOMMA	; C,
00000138 00             	DB	0
til.asm:378: *** Error:  CPU endian not defined ***
00000139                	DW	AT_ELSE
00000139 03             	DB	03H
0000013A 01             	DB	1
til.asm:381: *** Error:  CPU endian not defined ***
0000013B                	DW	SEMI

                        ; NUMBER
til.asm:384: *** Error:  CPU endian not defined ***
0000013B                NUMBER	DW	$ + 2
til.asm:385: *** Error:  Illegal opcode 'EXX' ***
                        	EXX
til.asm:386: *** Error:  Illegal opcode 'LD' ***
                        	LD	HL,(DP) ; GET DP
til.asm:387: *** Error:  Illegal opcode 'LD' ***
                        	LD	B,(HL)  ; GET LEN
til.asm:388: *** Error:  Illegal opcode 'INC' ***
                        	INC	HL	;
til.asm:389: *** Error:  Illegal opcode 'LD' ***
                        	LD	A,(HL)	; GET FIRST CHAR
til.asm:390: *** Error:  Illegal opcode 'CP' ***
                        	CP	2DH 	; MINUS?
til.asm:391: *** Error:  Illegal opcode 'LD' ***
                        	LD	A,0
til.asm:392: *** Error:  Illegal opcode 'JR' ***
                        	JR	NZ,SKIPSAV
til.asm:393: *** Error:  Illegal opcode 'DEC' ***
                        	DEC	A
til.asm:394: *** Error:  Illegal opcode 'DEC' ***
                        	DEC	B
til.asm:395: *** Error:  Illegal opcode 'INC' ***
                        	INC	HL
til.asm:396: *** Error:  Illegal opcode 'EX' ***
0000013B                SKIPSAV EX	AF, AF'

                        ; TODO - SINGLE
til.asm:399: *** Error:  CPU endian not defined ***
0000013B                SINGLE	DW $ + 2
til.asm:400: *** Error:  Illegal opcode 'NOP' ***
                        	NOP
til.asm:401: *** Error:  Illegal opcode 'JP' ***
                        	JP	(IY)

                        ; *# - Literal Handler (Headerless)
                        ; Pushes to the stack the word whose address is in the instruction register and
                        ;increments the instruction register twice (past the word literal)
til.asm:406: *** Error:  CPU endian not defined ***
0000013B                STARHASH DW $ + 2
til.asm:407: *** Error:  Illegal opcode 'LD' ***
                        	LD	A,(BC)
til.asm:408: *** Error:  Illegal opcode 'LD' ***
                        	LD	E,A
til.asm:409: *** Error:  Illegal opcode 'INC' ***
                        	INC	BC
til.asm:410: *** Error:  Illegal opcode 'LD' ***
                        	LD	A,(BC)
til.asm:411: *** Error:  Illegal opcode 'LD' ***
                        	LD	D,A
til.asm:412: *** Error:  Illegal opcode 'INC' ***
                        	INC BC
til.asm:413: *** Error:  Illegal opcode 'PUSH' ***
                        	PUSH DE
til.asm:414: *** Error:  Illegal opcode 'JP' ***
                        	JP (IY)

                        ; TODO - *C#
                        ; Push to the stack the byte whose address is in the instruction register
                        ; and increment instruction register once.
til.asm:419: *** Error:  CPU endian not defined ***
0000013B                STCHSH	DW $ + 2
til.asm:420: *** Error:  Illegal opcode 'LD' ***
                        	LD	A,(BC)
til.asm:421: *** Error:  Illegal opcode 'LD' ***
                        	LD	E, A
til.asm:422: *** Error:  Illegal opcode 'INC' ***
                        	INC	BC
til.asm:423: *** Error:  Illegal opcode 'RLA' ***
                        	RLA
til.asm:424: *** Error:  Illegal opcode 'SBC' ***
                        	SBC	A,A
til.asm:425: *** Error:  Illegal opcode 'LD' ***
                        	LD	D,A
til.asm:426: *** Error:  Illegal opcode 'PUSH' ***
                        	PUSH DE
til.asm:427: *** Error:  Illegal opcode 'JP' ***
                        	JP	(IY)

                        ; TODO ,
til.asm:430: *** Error:  CPU endian not defined ***
0000013B                COMMA 	DW $ + 2
til.asm:431: *** Error:  Illegal opcode 'NOP' ***
                        	NOP
til.asm:432: *** Error:  Illegal opcode 'JP' ***
                        	JP 	(IY)

                        ; TODO C,
til.asm:435: *** Error:  CPU endian not defined ***
0000013B                CCOMMA 	DW $ + 2
til.asm:436: *** Error:  Illegal opcode 'NOP' ***
                        	NOP
til.asm:437: *** Error:  Illegal opcode 'JP' ***
                        	JP	(IY)


                        ; @IF
                        ; Top of stack != 0 (true), BC++
                        ; Top of stack == 0 (false), BC <- BC + offset Byte
til.asm:443: *** Error:  CPU endian not defined ***
0000013B                AT_IF	DW $ + 2
til.asm:444: *** Error:  Illegal opcode 'POP' ***
                        	POP HL
til.asm:445: *** Error:  Illegal opcode 'LD' ***
                                LD A,L
til.asm:446: *** Error:  Illegal opcode 'OR' ***
                                OR H
til.asm:447: *** Error:  Illegal opcode 'JP' ***
                                JP Z,_ELSE
til.asm:448: *** Error:  Illegal opcode 'INC' ***
                                INC BC
til.asm:449: *** Error:  Illegal opcode 'JP' ***
                        	JP (IY)

til.asm:451: *** Error:  CPU endian not defined ***
0000013B                AT_ELSE	DW $ + 2
til.asm:452: *** Error:  Illegal opcode 'LD' ***
0000013B                _ELSE   LD      A,(BC)  ; get jump byte
til.asm:453: *** Error:  Illegal opcode 'ADD' ***
                                ADD     A, C       ; add to IR
til.asm:454: *** Error:  Illegal opcode 'LD' ***
                                LD      C, A    ; Reset IR
til.asm:455: *** Error:  Illegal opcode 'JR' ***
                                JR      NC, OUTPG ; Past Page?
til.asm:456: *** Error:  Illegal opcode 'INC' ***
                                INC     B       ;  Yes
til.asm:457: *** Error:  Illegal opcode 'JP' ***
0000013B                OUTPG     JP      (IY)


                        ; TODO *WHILE
til.asm:461: *** Error:  CPU endian not defined ***
0000013B                AT_WHILE  DW $ + 2

til.asm:463: *** Error:  Illegal opcode 'JP' ***
                        	JP (IY)

                        ; TODO *END
til.asm:466: *** Error:  CPU endian not defined ***
0000013B                AT_END  DW $ + 2

til.asm:468: *** Error:  Illegal opcode 'JP' ***
                        	JP (IY)


til.asm:471: *** Error:  CPU endian not defined ***
0000013B                DUP     DW      $ + 2
til.asm:472: *** Error:  Illegal opcode 'POP' ***
                                POP     HL
til.asm:473: *** Error:  Illegal opcode 'PUSH' ***
                                PUSH    HL
til.asm:474: *** Error:  Illegal opcode 'PUSH' ***
                                PUSH    HL
til.asm:475: *** Error:  Illegal opcode 'JP' ***
                                JP      (IY)

                        ; For Z80 MC - DDT was changed to use RST 6 since the hardware uses RST 7.
                        ; For Standard CP/M
til.asm:479: *** Error:  CPU endian not defined ***
0000013B                TILHALT	DW	$ + 2

til.asm:481: *** Error:  Illegal opcode 'RST' ***
                        	RST	38H
                        ;	RST 	6
                        ;	ENDIF


                        ; INVALID NUMBER?
                        ; NO -> ASPACE
                        ; YES -> QUESTION

                        ; QUESTION
til.asm:491: *** Error:  CPU endian not defined ***
0000013B                QUESTION	DW	$ + 2
til.asm:492: *** Error:  Illegal opcode 'LD' ***
                        	LD 	HL,(DP)
til.asm:493: *** Error:  Illegal opcode 'INC' ***
                        	INC 	HL
til.asm:494: *** Error:  Illegal opcode 'BIT' ***
                        	BIT	7,(HL)	; IF BIT SET, A TERMINATOR
til.asm:495: *** Error:  Illegal opcode 'JR' ***
                        	JR	Z,ERROR	;NOT SET ERROR
til.asm:496: *** Error:  Illegal opcode 'LD' ***
                        	LD	DE,OK
til.asm:497: *** Error:  Illegal opcode 'PUSH' ***
                        	PUSH	DE
til.asm:498: *** Error:  Illegal opcode 'JP' ***
                        	JP	(IY)
til.asm:499: *** Error:  Illegal opcode 'CALL' ***
0000013B                ERROR	CALL	_CRLF
til.asm:500: *** Error:  Illegal opcode 'LD' ***
                        	LD	IY,RETURN
til.asm:501: *** Error:  Illegal opcode 'JP' ***
                        	JP	TYPE
til.asm:502: *** Error:  Illegal opcode 'LD' ***
0000013B                RETURN	LD	DE, QMSG
til.asm:503: *** Error:  Illegal opcode 'JP' ***
                        	JP	_PATCH

                        ; GOTO TYPE


                        ; Internals

0000013B 3F00           QMSG	DB	'?', 0
0000013D 4F4B 00        OK	DB	'OK',0

                        ; PATCH internal routine.
00000140 00             _PATCH	DB	0




                        ;----------------------------------------
                        ; CP/M Machine Specific routines
                        ;
                        ; *   Internal Routines interfacing with Operating System.
                        ; * _ECHO - Echo a character to terminal
                        ; * _KEY - Read a key from terminal
                        ; * _CRLF - Output CR/LF to terminal
                        ;----------------------------------------
                        ;; Handy Constants
         = 0000000D     CR	EQU     0DH
         = 0000000A     LF	EQU     0AH
         = 00000024     DOLLAR  EQU     24H
         = 0000001B     ESC     EQU     1BH
         = 00000003     CTRLC   EQU     03H

                        ; Screen print calls
         = 00000003     CHAR_IN EQU     03H
         = 0000000B     C_STAT  EQU     0BH
         = 00000006     C_RAWIO EQU     06H

                        ; til has own write str using _ECHO
                        ;WRITESTR        EQU     9H
         = 00000002     PRTCHR  EQU     02H
         = 00000005     BDOS    EQU     05H

                        ; Output one character.
                        ; A = Input Char.
                        ; preserve BC register.
                        ; preserve HL register.
00000141                _ECHO
                         IF CPM = 1
til.asm:550: *** Error:  Illegal opcode 'PUSH' ***
                        	PUSH HL
til.asm:551: *** Error:  Illegal opcode 'PUSH' ***
                            PUSH BC
til.asm:552: *** Error:  Illegal opcode 'PUSH' ***
                        	PUSH DE
til.asm:553: *** Error:  Illegal opcode 'LD' ***
                        	LD D,A
til.asm:554: *** Error:  Illegal opcode 'LD' ***
                        	LD E,A
til.asm:555: *** Error:  Illegal opcode 'LD' ***
                            LD C, PRTCHR
til.asm:556: *** Error:  Illegal opcode 'CALL' ***
                            CALL BDOS
til.asm:557: *** Error:  Illegal opcode 'POP' ***
                            POP DE
til.asm:558: *** Error:  Illegal opcode 'POP' ***
                        	POP BC
til.asm:559: *** Error:  Illegal opcode 'POP' ***
                        	POP HL
                          ELSE
                          ENDIF
til.asm:563: *** Error:  Illegal opcode 'RET' ***
                            RET

                        ; Get a key
00000141                _KEY
                         IF CPM = 1
                        	; Preserve BC, DE, and HL.
til.asm:569: *** Error:  Illegal opcode 'PUSH' ***
                        	PUSH	BC
til.asm:570: *** Error:  Illegal opcode 'PUSH' ***
                        	PUSH	DE
til.asm:571: *** Error:  Illegal opcode 'PUSH' ***
                        	PUSH	HL
til.asm:572: *** Error:  Illegal opcode 'LD' ***
00000141                WAITKEY	LD	C, C_RAWIO
til.asm:573: *** Error:  Illegal opcode 'LD' ***
                        		LD	DE,FFFFh
til.asm:574: *** Error:  Illegal opcode 'CALL' ***
                        		CALL    BDOS
til.asm:575: *** Error:  Illegal opcode 'OR' ***
                        		OR 	A
til.asm:576: *** Error:  Illegal opcode 'JR' ***
                        		JR 	Z,WAITKEY
til.asm:577: *** Error:  Illegal opcode 'POP' ***
                        		POP	HL
til.asm:578: *** Error:  Illegal opcode 'POP' ***
                        		POP	DE
til.asm:579: *** Error:  Illegal opcode 'POP' ***
                        		POP	BC
                         ELSE
                         ENDIF
til.asm:597: *** Error:  Illegal opcode 'RET' ***
                                RET

                        ; Output CR LF to console.
00000141                _CRLF
til.asm:601: *** Error:  Illegal opcode 'PUSH' ***
                        	PUSH AF
til.asm:602: *** Error:  Illegal opcode 'LD' ***
                        	LD A, CR
til.asm:603: *** Error:  Illegal opcode 'CALL' ***
                        	CALL _ECHO
til.asm:604: *** Error:  Illegal opcode 'LD' ***
                        	LD A, LF
til.asm:605: *** Error:  Illegal opcode 'CALL' ***
                        	CALL _ECHO
til.asm:606: *** Error:  Illegal opcode 'POP' ***
                        	POP AF
til.asm:607: *** Error:  Illegal opcode 'RET' ***
                                RET

                        ; Constants
                        ;
         = 00000018     LINEDEL	EQU	18H	; ctrl-x line delete
         = 00000020     SPACE	EQU	20h	; space
         = 00000008     BKSP	EQU	08h	; ctrl-H backspace

                        ; Variables
00000141 00             BASE	DB	0	; BASE for restart/warm start
00000142 00             MODEVAR	DB	0	; MODE
til.asm:618: *** Error:  CPU endian not defined ***
00000143                LBP	DW	0 	; line buffer pointer
         = 00000080     LENGTH	EQU	128	; buffer length
00000400                	ORG	400h	; put on page boundary
00000400  (00000080)    LBADD	DS	128	; text input buffer
til.asm:622: *** Error:  CPU endian not defined ***
00000480                LBEND	DW	0

                        ; CORE points to Core Vocab (first entry in dictionary)
til.asm:625: *** Error:  CPU endian not defined ***
00000480                CORE    DW      DICT_BEG

                        ; SYS - hmm
til.asm:628: *** Error:  CPU endian not defined ***
00000480                SYS	DW	CORE

                        ;---- used by CONTEXT... points to Vocabulary?
til.asm:631: *** Error:  CPU endian not defined ***
00000480                CTXTPTR DW      CORE
til.asm:632: *** Error:  CPU endian not defined ***
00000480                MODEPTR	DW	MODEVAL

00000480 00             MODEVAL	DB	0

                        ; Dictonary pointer
til.asm:637: *** Error:  CPU endian not defined ***
00000481                DP	DW	DICT
         = 00008000     STACK	EQU	8000h

                        ; Strings
00000481 0C20 5449 4C20 RSTMSG	DB	12, ' TIL RESTART'
00000487 5245 5354 4152
0000048D 54
0000048E 1520 5745 4C43 SRTMSG	DB	21, ' WELCOME TO RETRO TIL'
00000494 4F4D 4520 544F
0000049A 2052 4554 524F
000004A0 2054 494C


000004A4  (00000FA0)    DICT    DS      4000




00001444                	END


ABORT              00000100    ASPACE             00000134    AT                 00000110
AT_ELSE            0000013B    AT_END             0000013B    AT_IF              0000013B
AT_WHILE           0000013B    BASE               00000141    BDOS               00000005 E
BEL04              0000010C    BKSP               00000008 E  C                  00000120
CCOMMA             0000013B    CHAR_IN            00000003 E  CLEAR              00000134
COLON              00000104    COMMA              0000013B    COMPILER           00000130
CONTEXT            00000114    CORE               00000480    COUNT              00000108
CPM                00000001 E  CR                 0000000D E  CTRLC              00000003 E
CTXTPTR            00000480    CX                 0000012C    C_RAWIO            00000006 E
C_STAT             0000000B E  DICT               000004A4    DICT_BEG           00000104
DOLLAR             00000024 E  DP                 00000481    DROP               00000124
DUP                0000013B    ENDTOK             00000108    ERROR              0000013B
ESC                0000001B E  EXECUTE            0000011C    FLAG               0000010C
IEND               00000134    IGNLB              00000108    INKEY              00000134
INLINE             00000134    ISSUE              00000134    ISTART             00000134
LAST1              00000134    LBADD              00000400    LBEND              00000480
LBP                00000143    LENGTH             00000080 E  LF                 0000000A E
LINEDEL            00000018 E  MODE               00000118    MODEPTR            00000480
MODEVAL            00000480    MODEVAR            00000142    NEXT               00000104
NEXTCH             0000010C    NOTLC              00000134    NUMBER             0000013B
NXTHDR             0000010C    OK                 0000013D    ONECHAR            00000134
OUTER              00000100    OUTPG              0000013B    PRTCHR             00000002 E
QEXECUTE           00000134    QMSG               0000013B    QNUMBER            00000134
QSEARCH            00000130    QUESTION           0000013B    RETURN             0000013B
RSTMSG             00000481    RUN                00000104    SAVEIT             00000134
SEARCH             0000010C    SEMI               00000104    SINGLE             0000013B
SKIPSAV            0000013B    SPACE              00000020 E  SRTMSG             0000048E
STACK              00008000 E  STARHASH           0000013B    START              00000100
STATE              00000128    STCHSH             0000013B    STD_CPM            00000001 E
SYS                00000480    TESTIT             0000010C    TILHALT            0000013B
TOK                00000108    TOKEN              00000108    TSTBS              00000134
TSTCR              00000134    TYPE               00000134    TYPEIT             00000134
WAITKEY            00000141    ZERO               00000134    _CRLF              00000141
_ECHO              00000141    _ELSE              0000013B    _KEY               00000141
_PATCH             00000140
